comexposium_font_import.css
common-add-calendar.css
common-langswitcher.css
common-slider.css
mobile-404.css
mobile-article-content.css
mobile-article-focus.css
mobile-article-nav.css
mobile-article-title.css
mobile-breadcrumb.css
mobile-catalogue-exhibitor-details.css
mobile-catalogue-exhibitors-nav.css
mobile-catalogue-exhibitors.css
mobile-catalogue-myselection-list.css
mobile-catalogue-myselection.css 
mobile-catalogue-other-exhibitors.css
mobile-catalogue-pagination.css
mobile-catalogue-product-details.css
mobile-catalogue-social.css
mobile-contacts.css
mobile-exhibitor-searchform.css
mobile-faq.css
mobile-footer.css
mobile-gallery-slider.css
mobile-gallery.css
mobile-header.css
mobile-langswitcher.css
mobile-layout.css
mobile-list-grid.css 
mobile-list-slider.css 
mobile-list.css
mobile-navigation.css
mobile-newsletter.css
mobile-pagination.css
mobile-partner-list.css
mobile-partner-slider.css
mobile-quicklinks.css
mobile-search-result.css
mobile-searchform-header.css
mobile-searchform.css
mobile-sitemap.css
mobile-slider.css
mobile-smart-app-banner.css
mobile-social.css
mobile-survey.css
mobile-tags-cloud.css

comexposium_font_import.css

slick.css
slick-theme.css

comexposium_main.css
comexposium_lang_switcher.css
comexposium_main_navigation.css
comexposium_site_banner.css
comexposium_search_form.css
comexposium_social_nav.css
comexposium_home_slider.css
comexposium_footer.css
comexposium_breadcrumbs.css
comexposium_pagination.css
comexposium_exhibitions_highlights.css
comexposium_hide_icon.css
comexposium_header_rubrique.css
comexposium_list_grid.css

comexposium_article.css
comexposium_article_listing.css
comexposium_news_list.css
comexposium_landing_rubrique.css
comexposium_rubrique_talents.css
comexposium_social.css
comexposium_search_results.css
comexposium_cookies.css
comexposium_contact.css
comexposium_site_map.css
comexposium_404.css

comexposium_color.css

mobile-events-searchform-filter.css
mobile-events-list.css
mobile-events-searchform-filter.css
styles-base-mobile-catalogue.css


zzzz-calendrier-salons.css